// Jest Snapshot v1, https://goo.gl/fbAQLP

exports[`Has a basic list of items 1`] = `
Array [
  "QP",
  "Blaze of Wisdom",
  "Gem of Saber",
  "Gem of Archer",
  "Gem of Lancer",
  "Gem of Rider",
  "Gem of Caster",
  "Gem of Assassin",
  "Gem of Berserker",
  "Magic Gem of Saber",
  "Magic Gem of Archer",
  "Magic Gem of Lancer",
  "Magic Gem of Rider",
  "Magic Gem of Caster",
  "Magic Gem of Assassin",
  "Magic Gem of Berserker",
  "Secret Gem of Saber",
  "Secret Gem of Archer",
  "Secret Gem of Lancer",
  "Secret Gem of Rider",
  "Secret Gem of Caster",
  "Secret Gem of Assassin",
  "Secret Gem of Berserker",
  "Proof of Hero",
  "Evil Bone",
  "Dragon Fang",
  "Void's Dust",
  "Fool's Chain",
  "Deadly Poisonous Needle",
  "Mystic Spinal Fluid",
  "Stake of Wailing Night",
  "Mystic Gunpowder",
  "Seed of Yggdrasil",
  "Small Bell of Amnesty",
  "Ghost Lantern",
  "Octuplet Crystals",
  "Serpent Jewel",
  "Phoenix Feather",
  "Eternal Gear",
  "Forbidden Page",
  "Homunculus Baby",
  "Meteor Horseshoe",
  "Great Knight Medal",
  "Shell of Reminiscence",
  "Refined Magatama",
  "Eternal Ice",
  "Giant's Ring",
  "Aurora Steel",
  "Soundless Bell",
  "Arrowhead of Malice",
  "Crown of Silvery Light",
  "Divine Spirit Particle",
  "Claw of Chaos",
  "Rainbow Thread Ball",
  "Heart of the Foreign God",
  "Scales of Phantasy",
  "Dragon's Reverse Scale",
  "Spirit Root",
  "Warhorse's Young Horn",
  "Tearstone of Blood",
  "Black Beast Grease",
  "Lamp of Evil-Sealing",
  "Scarab of Wisdom",
  "Primordial Lanugo",
  "Cursed Beast Gallstone",
  "Mysterious Divine Wine",
  "Reactor Core of Dawn",
  "Tsukumo Mirror",
  "Egg of Truth",
  "Fragment of a Twinkling Star",
  "Fruit of Eternity",
  "Oni Flame Lantern",
  "Crystallized Lore",
  "Saber Piece",
  "Archer Piece",
  "Lancer Piece",
  "Rider Piece",
  "Caster Piece",
  "Assassin Piece",
  "Berserker Piece",
  "Saber Monument",
  "Archer Monument",
  "Lancer Monument",
  "Rider Monument",
  "Caster Monument",
  "Assassin Monument",
  "Berserker Monument",
  "Holy Grail",
]
`;
