// Jest Snapshot v1, https://goo.gl/fbAQLP

exports[`Has a basic list of items 1`] = `
[
  "1 => QP",
  "9770400 => Blaze of Wisdom",
  "6001 => Gem of Saber",
  "6002 => Gem of Archer",
  "6003 => Gem of Lancer",
  "6004 => Gem of Rider",
  "6005 => Gem of Caster",
  "6006 => Gem of Assassin",
  "6007 => Gem of Berserker",
  "6101 => Magic Gem of Saber",
  "6102 => Magic Gem of Archer",
  "6103 => Magic Gem of Lancer",
  "6104 => Magic Gem of Rider",
  "6105 => Magic Gem of Caster",
  "6106 => Magic Gem of Assassin",
  "6107 => Magic Gem of Berserker",
  "6201 => Secret Gem of Saber",
  "6202 => Secret Gem of Archer",
  "6203 => Secret Gem of Lancer",
  "6204 => Secret Gem of Rider",
  "6205 => Secret Gem of Caster",
  "6206 => Secret Gem of Assassin",
  "6207 => Secret Gem of Berserker",
  "6503 => Proof of Hero",
  "6516 => Evil Bone",
  "6512 => Dragon Fang",
  "6505 => Void's Dust",
  "6522 => Fool's Chain",
  "6527 => Deadly Poisonous Needle",
  "6530 => Mystic Spinal Fluid",
  "6533 => Stake of Wailing Night",
  "6534 => Mystic Gunpowder",
  "6549 => Small Bell of Absolution",
  "6551 => Twilight Ceremonial Blade",
  "6552 => Unforgettable Ashes",
  "6554 => Obsidian Edge",
  "6502 => Seed of Yggdrasil",
  "6508 => Ghost Lantern",
  "6515 => Octuplet Crystals",
  "6509 => Serpent Jewel",
  "6501 => Phoenix Feather",
  "6510 => Eternal Gear",
  "6511 => Forbidden Page",
  "6514 => Homunculus Baby",
  "6513 => Meteor Horseshoe",
  "6524 => Great Knight Medal",
  "6526 => Shell of Reminiscence",
  "6532 => Refined Magatama",
  "6535 => Eternal Ice",
  "6537 => Giant's Ring",
  "6536 => Aurora Steel",
  "6538 => Soundless Bell",
  "6541 => Arrowhead of Malice",
  "6543 => Crown of Silvery Light",
  "6545 => Divine Leyline Spiritron",
  "6547 => Ball of Rainbow Thread",
  "6550 => Scale of Fantasy",
  "6553 => Sunscale",
  "6507 => Claw of Chaos",
  "6517 => Heart of the Foreign God",
  "6506 => Dragon's Reverse Scale",
  "6518 => Spirit Root",
  "6519 => Warhorse's Young Horn",
  "6520 => Tearstone of Blood",
  "6521 => Black Beast Grease",
  "6523 => Lamp of Evil-Sealing",
  "6525 => Scarab of Wisdom",
  "6528 => Primordial Lanugo",
  "6529 => Cursed Beast Gallstone",
  "6531 => Mysterious Divine Wine",
  "6539 => Reactor Core of Dawn",
  "6540 => Tsukumo Mirror",
  "6542 => Egg of Truth",
  "6544 => Fragment of a Twinkling Star",
  "6546 => Fruit of Eternity",
  "6548 => Flaming Oni Lantern Plant",
  "6999 => Crystallized Lore",
  "7001 => Saber Piece",
  "7002 => Archer Piece",
  "7003 => Lancer Piece",
  "7004 => Rider Piece",
  "7005 => Caster Piece",
  "7006 => Assassin Piece",
  "7007 => Berserker Piece",
  "7101 => Saber Monument",
  "7102 => Archer Monument",
  "7103 => Lancer Monument",
  "7104 => Rider Monument",
  "7105 => Caster Monument",
  "7106 => Assassin Monument",
  "7107 => Berserker Monument",
  "7999 => Holy Grail",
]
`;

exports[`Includes webcrow IDs 1`] = `
[
  "8 => ours=101800:'Altera' theirs='Attila'",
  "10 => ours=102600:'Chevalier d'Eon' theirs='Le Chevalier d'Eon'",
  "14 => ours=200500:'Atalante' theirs='Atalanta'",
  "17 => ours=300100:'Cú Chulainn' theirs='Cu Chulainn'",
  "18 => ours=300500:'Elisabeth Báthory' theirs='Elizabeth Bathory'",
  "20 => ours=300700:'Cú Chulainn (Prototype)' theirs='Cu Chulainn (Prototype)'",
  "21 => ours=300900:'Leonidas I' theirs='Leonidas'",
  "24 => ours=400600:'Georgios' theirs='Saint George'",
  "30 => ours=401900:'Martha' theirs='Saint Martha'",
  "38 => ours=502100:'Cú Chulainn' theirs='Cu Chulainn (Caster)'",
  "40 => ours=600200:'Hassan of the Cursed Arm' theirs='Cursed Arm Hassan'",
  "44 => ours=601300:'Phantom of the Opera' theirs='The Phantom of the Opera'",
  "49 => ours=700300:'Lu Bu Fengxian' theirs='Lu Bu'",
  "61 => ours=502600:'Elisabeth Báthory (Halloween)' theirs='Elizabeth Bathory (Caster)'",
  "64 => ours=301600:'Hektor' theirs='Hector'",
  "70 => ours=301300:'Scáthach' theirs='Scathach'",
  "72 => ours=101400:'Fergus mac Róich' theirs='Fergus Mac Roich'",
  "78 => ours=301900:'Artoria Pendragon (Alter)' theirs='Artoria Pendragon (Alter Lancer)'",
  "79 => ours=501000:'Paracelsus von Hohenheim' theirs='Paracelsus Van Hohenheim'",
  "88 => ours=301200:'Brynhild' theirs='Brynhildr'",
  "95 => ours=201800:'Gilgamesh (Child)' theirs='Young Gil'",
  "96 => ours=1100200:'Edmond Dantès' theirs='Edmond Dantes'",
  "97 => ours=701400:'Florence Nightingale' theirs='Nightingale'",
  "98 => ours=702000:'Cú Chulainn (Alter)' theirs='Cu Chulainn (Alter)'",
  "99 => ours=401300:'Queen Medb' theirs='Medb'",
  "102 => ours=301700:'Li Shuwen' theirs='Li Shuwen (Lancer)'",
  "107 => ours=1100100:'Aŋra Mainiiu' theirs='Angra Mainyu'",
  "110 => ours=600300:'Hassan of the Hundred Personas' theirs='Hundred-Faced Hassan'",
  "111 => ours=502000:'Irisviel (Holy Grail)' theirs='Irisviel (Dress of Heaven)'",
  "113 => ours=502200:'Xuanzang Sanzang' theirs='Xuanzang'",
  "114 => ours=702300:'Minamoto-no-Raikou' theirs='Minamoto no Yorimitsu'",
  "117 => ours=601900:'Fuuma "Evil-wind" Kotarou' theirs='Fuuma Kotarou'",
  "118 => ours=401200:'Ozymandias' theirs='Ramesses II'",
  "121 => ours=102000:'Lancelot' theirs='Lancelot (Saber)'",
  "124 => ours=600900:'Hassan of the Serenity' theirs='Hassan of Serenity'",
  "133 => ours=602400:'Scáthach (Assassin)' theirs='Scathach (Assassin)'",
  "135 => ours=900400:'Martha (Ruler)' theirs='Saint Martha (Ruler)'",
  "138 => ours=101000:'Elisabeth Báthory (Brave)' theirs='Elizabeth Bathory (Brave)'",
  "141 => ours=302600:'Jeanne d'Arc Alter Santa Lily' theirs='Jeanne d'Arc (Alter) (Santa Lily)'",
  "145 => ours=501800:'Gilgamesh' theirs='Gilgamesh (Caster)'",
  "146 => ours=302700:'Medusa' theirs='Medusa (Lancer)'",
  "148 => ours=302800:'Jaguar Warrior' theirs='Jaguar Man'",
  "151 => ours=602500:'"First Hassan"' theirs='King Hassan'",
  "154 => ours=202300:'James Moriarty' theirs='Archer of Shinjuku'",
  "156 => ours=1100500:'Hessian Lobo' theirs='Avenger of Shinjuku'",
  "157 => ours=602600:'Yan Qing' theirs='Assassin of Shinjuku'",
  "158 => ours=102900:'Arthur Pendragon (Prototype)' theirs='Arthur Pendragon'",
  "161 => ours=1000200:'Meltryllis' theirs='Meltlilith'",
  "166 => ours=503000:'Scheherazade' theirs='Caster of Nightless City'",
  "167 => ours=602700:'Wu Zetian' theirs='Assassin of Nightless City'",
  "168 => ours=702700:'Penthesilea' theirs='Berserker of El Dorado'",
  "169 => ours=402500:'Christopher Columbus' theirs='Rider of Resistance'",
  "177 => ours=402700:'Artoria Pendragon Alter (Rider)' theirs='Artoria Pendragon (Rider Alter)'",
  "179 => ours=302900:'Minamoto-no-Raikou (Lancer)' theirs='Minamoto no Yorimitsu (Lancer)'",
  "180 => ours=303000:'Pārvatī' theirs='Parvati'",
  "181 => ours=202100:'Tomoe Gozen' theirs='Archer Inferno'",
  "182 => ours=602900:'Mochizuki Chiyome' theirs='Assassin Paraiso'",
  "183 => ours=301400:'Houzouin Inshun' theirs='Hozoin Inshun'",
  "184 => ours=103200:'Yagyu Tajima-no-kami Munenori' theirs='Yagyu Munenori'",
  "185 => ours=603000:'Katou "Black Kite" Danzo' theirs='Kato Danzo'",
  "187 => ours=1000500:'Mecha Eli-chan Mk.II' theirs='Mecha Eli-chan'",
  "188 => ours=503300:'Circe' theirs='Caster of Okeanos'",
  "190 => ours=503400:'Queen of Sheba' theirs='Caster of Midrash'",
  "197 => ours=703000:'Atalante (Alter)' theirs='Atalanta (Alter)'",
  "205 => ours=603300:'Okada Izo' theirs='Okada Izou'",
  "207 => ours=203100:'Napoleon' theirs='Napoleon Bonaparte'",
  "210 => ours=503900:'Scáthach-Skadi' theirs='Scathach-Skadi'",
  "213 => ours=303400:'Ibaraki-Douji (Lancer)' theirs='Ibaraki Doji (Lancer)'",
  "215 => ours=703100:'Jeanne d'Arc Alter (Berserker)' theirs='Jeanne d'Arc (Berserker Alter)'",
  "218 => ours=2500300:'Mysterious Heroine XX' theirs='Mysterious Heroine XX(Foreigner)'",
  "219 => ours=103500:'Diarmuid Ua Duibhne' theirs='Diarmuid Ua Duibhne (Saber)'",
  "221 => ours=504000:'Shuten-Douji (Caster)' theirs='Shuten Douji'",
  "223 => ours=103600:'Prince of Lan Ling' theirs='Lanling Wang'",
  "226 => ours=603500:'Yu Mei-ren' theirs='Yu Miaoyi'",
  "227 => ours=900600:'Qin Shi Huang' theirs='Shi Huang Di'",
  "239 => ours=2300300:'Jinako Carigiri' theirs='Great Statue God'",
  "240 => ours=103900:'Lakshmi Bai' theirs='Lakshmibai'",
  "243 => ours=203300:'Aśvatthāman' theirs='Asvatthaman'",
  "248 => ours=403500:'Leonardo da Vinci' theirs='Leonardo Da Vinci (Rider)'",
  "262 => ours=604000:'Okita Souji (Assassin)' theirs='Okita J Soji'",
  "266 => ours=203900:'Florence Nightingale (Santa)' theirs='Nightingale (Santa)'",
  "271 => ours=204000:'Sei Shounagon' theirs='Sei Shonagon'",
  "275 => ours=304200:'Romulus=Quirinus' theirs='Romulus-Quirinus'",
  "279 => ours=504500:'Artoria Caster' theirs='Artoria Pendragon (Caster)'",
  "280 => ours=2300400:'Sessyoin Kiara' theirs='Sesshoin Kiara (Moon Cancer)'",
  "281 => ours=204200:'Illyasviel von Einzbern' theirs='Illyasviel von Einzbern(Archer)'",
  "282 => ours=703800:'Brynhild' theirs='Brynhildr (Berserker)'",
  "283 => ours=304400:'Yu Mei-ren' theirs='Yu Miaoy (Lancer)'",
  "285 => ours=104500:'Tomoe Gozen' theirs='Tomoe Gozen (Saber)'",
  "286 => ours=404100:'Murasaki Shikibu' theirs='Murasaki Shikibu (Rider)'",
  "292 => ours=1001000:'Ashiya Douman' theirs='Ashiya Doman'",
  "294 => ours=104600:'Ibuki-Douji' theirs='Ibuki Doji'",
  "300 => ours=901100:'Amor (Caren)' theirs='Amor(Caren)'",
  "305 => ours=105000:'Barghest' theirs='Fairy Knight Gawain'",
  "306 => ours=204300:'Baobhan Sith' theirs='Fairy Knight Tristan'",
  "307 => ours=304800:'Melusine' theirs='Fairy Knight Lancelot'",
  "312 => ours=105100:'Okita Souji (Alter)' theirs='Okita Soji (Saber Alter)'",
  "314 => ours=504800:'Charlotte Corday' theirs='Charlotte Corday (Caster)'",
  "315 => ours=901200:'Leonardo da Vinci' theirs='Leonardo Da Vinci (Ruler)'",
  "316 => ours=1101100:'Kama' theirs='Kama (Avenger)'",
  "317 => ours=404500:'Caenis' theirs='Caenis (Rider)'",
  "318 => ours=704100:'Sei Shounagon' theirs='Sei Shonagon (Berserker)'",
  "321 => ours=404600:'Elisabeth Báthory (Cinderella)' theirs='Elizabeth Bathory (Cinderella)'",
  "324 => ours=305000:'Sakamoto Ryouma' theirs='Sakamoto Ryoma'",
  "326 => ours=404300:'Taigong Wang' theirs='Tai Gong Wang'",
  "330 => ours=1001100:'Manannán mac Lir (Bazett)' theirs='Manannan mac Lir (Bazett)'",
]
`;
