// Jest Snapshot v1, https://goo.gl/fbAQLP

exports[`Has a basic list of items 1`] = `
Array [
  "1 => QP",
  "9770400 => Blaze of Wisdom",
  "6001 => Gem of Saber",
  "6002 => Gem of Archer",
  "6003 => Gem of Lancer",
  "6004 => Gem of Rider",
  "6005 => Gem of Caster",
  "6006 => Gem of Assassin",
  "6007 => Gem of Berserker",
  "6101 => Magic Gem of Saber",
  "6102 => Magic Gem of Archer",
  "6103 => Magic Gem of Lancer",
  "6104 => Magic Gem of Rider",
  "6105 => Magic Gem of Caster",
  "6106 => Magic Gem of Assassin",
  "6107 => Magic Gem of Berserker",
  "6201 => Secret Gem of Saber",
  "6202 => Secret Gem of Archer",
  "6203 => Secret Gem of Lancer",
  "6204 => Secret Gem of Rider",
  "6205 => Secret Gem of Caster",
  "6206 => Secret Gem of Assassin",
  "6207 => Secret Gem of Berserker",
  "6503 => Proof of Hero",
  "6516 => Evil Bone",
  "6512 => Dragon Fang",
  "6505 => Void's Dust",
  "6522 => Fool's Chain",
  "6527 => Deadly Poisonous Needle",
  "6530 => Mystic Spinal Fluid",
  "6533 => Stake of Wailing Night",
  "6534 => Mystic Gunpowder",
  "6502 => Seed of Yggdrasil",
  "6508 => Ghost Lantern",
  "6515 => Octuplet Crystals",
  "6509 => Serpent Jewel",
  "6501 => Phoenix Feather",
  "6510 => Eternal Gear",
  "6511 => Forbidden Page",
  "6514 => Homunculus Baby",
  "6513 => Meteor Horseshoe",
  "6524 => Great Knight Medal",
  "6526 => Shell of Reminiscence",
  "6532 => Refined Magatama",
  "6535 => Eternal Ice",
  "6537 => Giant's Ring",
  "6536 => Aurora Steel",
  "6538 => Soundless Bell",
  "6541 => Arrowhead of Malice",
  "6543 => Crown of Silvery Light",
  "6507 => Claw of Chaos",
  "6517 => Heart of the Foreign God",
  "6506 => Dragon's Reverse Scale",
  "6518 => Spirit Root",
  "6519 => Warhorse's Young Horn",
  "6520 => Tearstone of Blood",
  "6521 => Black Beast Grease",
  "6523 => Lamp of Evil-Sealing",
  "6525 => Scarab of Wisdom",
  "6528 => Primordial Lanugo",
  "6529 => Cursed Beast Gallstone",
  "6531 => Mysterious Divine Wine",
  "6539 => Reactor Core of Dawn",
  "6540 => Tsukumo Mirror",
  "6542 => Egg of Truth",
  "6544 => Fragment of a Twinkling Star",
  "6999 => Crystallized Lore",
  "7001 => Saber Piece",
  "7002 => Archer Piece",
  "7003 => Lancer Piece",
  "7004 => Rider Piece",
  "7005 => Caster Piece",
  "7006 => Assassin Piece",
  "7007 => Berserker Piece",
  "7101 => Saber Monument",
  "7102 => Archer Monument",
  "7103 => Lancer Monument",
  "7104 => Rider Monument",
  "7105 => Caster Monument",
  "7106 => Assassin Monument",
  "7107 => Berserker Monument",
  "7999 => Holy Grail",
]
`;
